{"error":"No element found for selector: input[placeholder=\"Pesquisar\"]","level":"error","message":"Error processing follower","timestamp":"2025-02-12T01:35:24.687Z","username":"vitoriapassosss"}
{"error":"Error processing follower: vitoriapassosss","level":"error","message":"Process error","taskId":"739a2e3e-6685-4c4f-b666-68398a63dfdb","timestamp":"2025-02-12T01:35:24.689Z"}
{"error":"No element found for selector: input[placeholder=\"Pesquisar\"]","level":"error","message":"Error processing follower","timestamp":"2025-02-12T01:35:24.694Z","username":"gilbertochaves96"}
{"error":"Error processing follower: gilbertochaves96","level":"error","message":"Process error","taskId":"739a2e3e-6685-4c4f-b666-68398a63dfdb","timestamp":"2025-02-12T01:35:24.696Z"}
{"error":"No element found for selector: input[placeholder=\"Pesquisar\"]","level":"error","message":"Error processing follower","timestamp":"2025-02-12T01:35:24.712Z","username":"dixx.glorinha_"}
{"error":"Error processing follower: dixx.glorinha_","level":"error","message":"Process error","taskId":"739a2e3e-6685-4c4f-b666-68398a63dfdb","timestamp":"2025-02-12T01:35:24.713Z"}
{"error":"No element found for selector: input[placeholder=\"Pesquisar\"]","level":"error","message":"Error processing follower","timestamp":"2025-02-12T01:35:24.724Z","username":"salve.bel_parameninas13"}
{"error":"Error processing follower: salve.bel_parameninas13","level":"error","message":"Process error","taskId":"739a2e3e-6685-4c4f-b666-68398a63dfdb","timestamp":"2025-02-12T01:35:24.725Z"}
{"error":"No element found for selector: input[placeholder=\"Pesquisar\"]","level":"error","message":"Error processing follower","timestamp":"2025-02-12T01:35:24.736Z","username":"dixx.lindinha76"}
{"error":"Error processing follower: dixx.lindinha76","level":"error","message":"Process error","taskId":"739a2e3e-6685-4c4f-b666-68398a63dfdb","timestamp":"2025-02-12T01:35:24.738Z"}
{"error":"No element found for selector: input[placeholder=\"Pesquisar\"]","level":"error","message":"Error processing follower","timestamp":"2025-02-12T01:35:24.744Z","username":"tatimoreirapsi"}
{"error":"Error processing follower: tatimoreirapsi","level":"error","message":"Process error","taskId":"739a2e3e-6685-4c4f-b666-68398a63dfdb","timestamp":"2025-02-12T01:35:24.745Z"}
{"error":"No element found for selector: input[placeholder=\"Pesquisar\"]","level":"error","message":"Error processing follower","timestamp":"2025-02-12T01:35:24.756Z","username":"8.cd0"}
{"error":"Error processing follower: 8.cd0","level":"error","message":"Process error","taskId":"739a2e3e-6685-4c4f-b666-68398a63dfdb","timestamp":"2025-02-12T01:35:24.757Z"}
{"error":"No element found for selector: input[placeholder=\"Pesquisar\"]","level":"error","message":"Error processing follower","timestamp":"2025-02-12T01:35:24.763Z","username":"livia.snts"}
{"error":"Error processing follower: livia.snts","level":"error","message":"Process error","taskId":"739a2e3e-6685-4c4f-b666-68398a63dfdb","timestamp":"2025-02-12T01:35:24.764Z"}
{"error":"No element found for selector: input[placeholder=\"Pesquisar\"]","level":"error","message":"Error processing follower","timestamp":"2025-02-12T01:35:24.774Z","username":"_cesarsilvagoes"}
{"error":"Error processing follower: _cesarsilvagoes","level":"error","message":"Process error","taskId":"739a2e3e-6685-4c4f-b666-68398a63dfdb","timestamp":"2025-02-12T01:35:24.775Z"}
{"error":"No element found for selector: input[placeholder=\"Pesquisar\"]","level":"error","message":"Error processing follower","timestamp":"2025-02-12T01:35:24.780Z","username":"euu_sabrinaaa"}
{"error":"Error processing follower: euu_sabrinaaa","level":"error","message":"Process error","taskId":"739a2e3e-6685-4c4f-b666-68398a63dfdb","timestamp":"2025-02-12T01:35:24.785Z"}
{"error":"No element found for selector: input[placeholder=\"Pesquisar\"]","level":"error","message":"Error processing follower","timestamp":"2025-02-12T01:35:24.792Z","username":"nayelicastro058"}
{"error":"Error processing follower: nayelicastro058","level":"error","message":"Process error","taskId":"739a2e3e-6685-4c4f-b666-68398a63dfdb","timestamp":"2025-02-12T01:35:24.793Z"}
{"error":"No element found for selector: input[placeholder=\"Pesquisar\"]","level":"error","message":"Error processing follower","timestamp":"2025-02-12T01:35:24.802Z","username":"2541.rebecca"}
{"error":"Error processing follower: 2541.rebecca","level":"error","message":"Process error","taskId":"739a2e3e-6685-4c4f-b666-68398a63dfdb","timestamp":"2025-02-12T01:35:24.803Z"}
{"error":"No element found for selector: input[placeholder=\"Pesquisar\"]","level":"error","message":"Error processing follower","timestamp":"2025-02-12T01:35:24.808Z","username":"man102868"}
{"error":"Error processing follower: man102868","level":"error","message":"Process error","taskId":"739a2e3e-6685-4c4f-b666-68398a63dfdb","timestamp":"2025-02-12T01:35:24.809Z"}
{"error":"No element found for selector: input[placeholder=\"Pesquisar\"]","level":"error","message":"Error processing follower","timestamp":"2025-02-12T01:35:24.814Z","username":"memessssssdusightj7k"}
{"error":"Error processing follower: memessssssdusightj7k","level":"error","message":"Process error","taskId":"739a2e3e-6685-4c4f-b666-68398a63dfdb","timestamp":"2025-02-12T01:35:24.819Z"}
{"error":"No element found for selector: input[placeholder=\"Pesquisar\"]","level":"error","message":"Error processing follower","timestamp":"2025-02-12T01:35:24.824Z","username":"tatianajofredoss"}
{"error":"Error processing follower: tatianajofredoss","level":"error","message":"Process error","taskId":"739a2e3e-6685-4c4f-b666-68398a63dfdb","timestamp":"2025-02-12T01:35:24.825Z"}
{"error":"No element found for selector: input[placeholder=\"Pesquisar\"]","level":"error","message":"Error processing follower","timestamp":"2025-02-12T01:35:24.837Z","username":"diix.da.silvaa"}
{"error":"Error processing follower: diix.da.silvaa","level":"error","message":"Process error","taskId":"739a2e3e-6685-4c4f-b666-68398a63dfdb","timestamp":"2025-02-12T01:35:24.839Z"}
{"error":"No element found for selector: input[placeholder=\"Pesquisar\"]","level":"error","message":"Error processing follower","timestamp":"2025-02-12T01:35:24.847Z","username":"munhozz06.2"}
{"error":"Error processing follower: munhozz06.2","level":"error","message":"Process error","taskId":"739a2e3e-6685-4c4f-b666-68398a63dfdb","timestamp":"2025-02-12T01:35:24.849Z"}
{"error":"No element found for selector: input[placeholder=\"Pesquisar\"]","level":"error","message":"Error processing follower","timestamp":"2025-02-12T01:35:24.870Z","username":"dix.mascotte"}
{"error":"Error processing follower: dix.mascotte","level":"error","message":"Process error","taskId":"739a2e3e-6685-4c4f-b666-68398a63dfdb","timestamp":"2025-02-12T01:35:24.871Z"}
{"error":"No element found for selector: input[placeholder=\"Pesquisar\"]","level":"error","message":"Error processing follower","timestamp":"2025-02-12T01:35:24.907Z","username":"luizfilipi12"}
{"error":"Error processing follower: luizfilipi12","level":"error","message":"Process error","taskId":"739a2e3e-6685-4c4f-b666-68398a63dfdb","timestamp":"2025-02-12T01:35:24.908Z"}
{"error":"No element found for selector: input[placeholder=\"Pesquisar\"]","level":"error","message":"Error processing follower","timestamp":"2025-02-12T01:35:24.922Z","username":"dasativado.015"}
{"error":"Error processing follower: dasativado.015","level":"error","message":"Process error","taskId":"739a2e3e-6685-4c4f-b666-68398a63dfdb","timestamp":"2025-02-12T01:35:24.924Z"}
{"error":"No element found for selector: input[placeholder=\"Pesquisar\"]","level":"error","message":"Error processing follower","timestamp":"2025-02-12T01:35:24.931Z","username":"awolkers_"}
{"error":"Error processing follower: awolkers_","level":"error","message":"Process error","taskId":"739a2e3e-6685-4c4f-b666-68398a63dfdb","timestamp":"2025-02-12T01:35:24.937Z"}
{"error":"No element found for selector: input[placeholder=\"Pesquisar\"]","level":"error","message":"Error processing follower","timestamp":"2025-02-12T01:35:24.945Z","username":"jooh_amoriim"}
{"error":"Error processing follower: jooh_amoriim","level":"error","message":"Process error","taskId":"739a2e3e-6685-4c4f-b666-68398a63dfdb","timestamp":"2025-02-12T01:35:24.946Z"}
{"error":"POST /api/v1/accounts/login/ - 400 Bad Request; challenge_required","level":"error","message":"Error collecting profile analytics","timestamp":"2025-02-12T01:53:44.114Z","username":"piratadabet@gmail.com"}
{"error":"POST /api/v1/accounts/login/ - 400 Bad Request; challenge_required","level":"error","message":"Error in getProfileAnalytics controller","timestamp":"2025-02-12T01:53:44.115Z"}
{"error":"POST /api/v1/accounts/login/ - 400 Bad Request; challenge_required","level":"error","message":"Error collecting profile analytics","timestamp":"2025-02-12T01:54:39.539Z","username":"piratadabet@gmail.com"}
{"error":"POST /api/v1/accounts/login/ - 400 Bad Request; challenge_required","level":"error","message":"Error in getProfileAnalytics controller","timestamp":"2025-02-12T01:54:39.541Z"}
{"error":"POST /api/v1/accounts/login/ - 400 Bad Request; challenge_required","level":"error","message":"Error collecting profile analytics","timestamp":"2025-02-12T01:55:16.602Z","username":"piratadabet@gmail.com"}
{"error":"POST /api/v1/accounts/login/ - 400 Bad Request; challenge_required","level":"error","message":"Error in getProfileAnalytics controller","timestamp":"2025-02-12T01:55:16.603Z"}
{"error":"POST /api/v1/accounts/login/ - 400 Bad Request; challenge_required","level":"error","message":"Error collecting profile analytics","timestamp":"2025-02-12T01:55:44.083Z","username":"piratadabet@gmail.com"}
{"error":"POST /api/v1/accounts/login/ - 400 Bad Request; challenge_required","level":"error","message":"Error in getProfileAnalytics controller","timestamp":"2025-02-12T01:55:44.085Z"}
{"error":"POST /api/v1/accounts/login/ - 400 Bad Request; challenge_required","level":"error","message":"Error collecting profile analytics","timestamp":"2025-02-12T01:56:37.199Z","username":"piratadabet@gmail.com"}
{"error":"POST /api/v1/accounts/login/ - 400 Bad Request; challenge_required","level":"error","message":"Error in getProfileAnalytics controller","timestamp":"2025-02-12T01:56:37.200Z"}
{"error":"No element found for selector: input[placeholder=\"Pesquisar\"]","level":"error","message":"Error processing follower","timestamp":"2025-02-12T01:57:07.506Z","username":"vitoriapassosss"}
{"error":"Error processing follower: vitoriapassosss","level":"error","message":"Process error","taskId":"a871348c-c740-4347-be9e-555490ab0755","timestamp":"2025-02-12T01:57:07.508Z"}
{"error":"No element found for selector: input[placeholder=\"Pesquisar\"]","level":"error","message":"Error processing follower","timestamp":"2025-02-12T01:57:07.514Z","username":"gilbertochaves96"}
{"error":"Error processing follower: gilbertochaves96","level":"error","message":"Process error","taskId":"a871348c-c740-4347-be9e-555490ab0755","timestamp":"2025-02-12T01:57:07.515Z"}
{"error":"No element found for selector: input[placeholder=\"Pesquisar\"]","level":"error","message":"Error processing follower","timestamp":"2025-02-12T01:57:07.549Z","username":"dixx.glorinha_"}
{"error":"Error processing follower: dixx.glorinha_","level":"error","message":"Process error","taskId":"a871348c-c740-4347-be9e-555490ab0755","timestamp":"2025-02-12T01:57:07.552Z"}
{"error":"No element found for selector: input[placeholder=\"Pesquisar\"]","level":"error","message":"Error processing follower","timestamp":"2025-02-12T01:57:07.578Z","username":"salve.bel_parameninas13"}
{"error":"Error processing follower: salve.bel_parameninas13","level":"error","message":"Process error","taskId":"a871348c-c740-4347-be9e-555490ab0755","timestamp":"2025-02-12T01:57:07.579Z"}
{"error":"No element found for selector: input[placeholder=\"Pesquisar\"]","level":"error","message":"Error processing follower","timestamp":"2025-02-12T01:57:07.606Z","username":"dixx.lindinha76"}
{"error":"Error processing follower: dixx.lindinha76","level":"error","message":"Process error","taskId":"a871348c-c740-4347-be9e-555490ab0755","timestamp":"2025-02-12T01:57:07.607Z"}
{"error":"No element found for selector: input[placeholder=\"Pesquisar\"]","level":"error","message":"Error processing follower","timestamp":"2025-02-12T01:57:07.627Z","username":"tatimoreirapsi"}
{"error":"Error processing follower: tatimoreirapsi","level":"error","message":"Process error","taskId":"a871348c-c740-4347-be9e-555490ab0755","timestamp":"2025-02-12T01:57:07.629Z"}
{"error":"No element found for selector: input[placeholder=\"Pesquisar\"]","level":"error","message":"Error processing follower","timestamp":"2025-02-12T01:57:07.636Z","username":"8.cd0"}
{"error":"Error processing follower: 8.cd0","level":"error","message":"Process error","taskId":"a871348c-c740-4347-be9e-555490ab0755","timestamp":"2025-02-12T01:57:07.637Z"}
{"error":"No element found for selector: input[placeholder=\"Pesquisar\"]","level":"error","message":"Error processing follower","timestamp":"2025-02-12T01:57:07.643Z","username":"livia.snts"}
{"error":"Error processing follower: livia.snts","level":"error","message":"Process error","taskId":"a871348c-c740-4347-be9e-555490ab0755","timestamp":"2025-02-12T01:57:07.644Z"}
{"error":"No element found for selector: input[placeholder=\"Pesquisar\"]","level":"error","message":"Error processing follower","timestamp":"2025-02-12T01:57:07.653Z","username":"_cesarsilvagoes"}
{"error":"Error processing follower: _cesarsilvagoes","level":"error","message":"Process error","taskId":"a871348c-c740-4347-be9e-555490ab0755","timestamp":"2025-02-12T01:57:07.655Z"}
{"error":"No element found for selector: input[placeholder=\"Pesquisar\"]","level":"error","message":"Error processing follower","timestamp":"2025-02-12T01:57:07.660Z","username":"euu_sabrinaaa"}
{"error":"Error processing follower: euu_sabrinaaa","level":"error","message":"Process error","taskId":"a871348c-c740-4347-be9e-555490ab0755","timestamp":"2025-02-12T01:57:07.661Z"}
{"error":"No element found for selector: input[placeholder=\"Pesquisar\"]","level":"error","message":"Error processing follower","timestamp":"2025-02-12T01:57:07.667Z","username":"nayelicastro058"}
{"error":"Error processing follower: nayelicastro058","level":"error","message":"Process error","taskId":"a871348c-c740-4347-be9e-555490ab0755","timestamp":"2025-02-12T01:57:07.668Z"}
{"error":"No element found for selector: input[placeholder=\"Pesquisar\"]","level":"error","message":"Error processing follower","timestamp":"2025-02-12T01:57:07.674Z","username":"2541.rebecca"}
{"error":"Error processing follower: 2541.rebecca","level":"error","message":"Process error","taskId":"a871348c-c740-4347-be9e-555490ab0755","timestamp":"2025-02-12T01:57:07.676Z"}
{"error":"No element found for selector: input[placeholder=\"Pesquisar\"]","level":"error","message":"Error processing follower","timestamp":"2025-02-12T01:57:07.682Z","username":"man102868"}
{"error":"Error processing follower: man102868","level":"error","message":"Process error","taskId":"a871348c-c740-4347-be9e-555490ab0755","timestamp":"2025-02-12T01:57:07.685Z"}
{"error":"No element found for selector: input[placeholder=\"Pesquisar\"]","level":"error","message":"Error processing follower","timestamp":"2025-02-12T01:57:07.690Z","username":"memessssssdusightj7k"}
{"error":"Error processing follower: memessssssdusightj7k","level":"error","message":"Process error","taskId":"a871348c-c740-4347-be9e-555490ab0755","timestamp":"2025-02-12T01:57:07.691Z"}
{"error":"No element found for selector: input[placeholder=\"Pesquisar\"]","level":"error","message":"Error processing follower","timestamp":"2025-02-12T01:57:07.696Z","username":"tatianajofredoss"}
{"error":"Error processing follower: tatianajofredoss","level":"error","message":"Process error","taskId":"a871348c-c740-4347-be9e-555490ab0755","timestamp":"2025-02-12T01:57:07.697Z"}
{"error":"No element found for selector: input[placeholder=\"Pesquisar\"]","level":"error","message":"Error processing follower","timestamp":"2025-02-12T01:57:07.705Z","username":"diix.da.silvaa"}
{"error":"Error processing follower: diix.da.silvaa","level":"error","message":"Process error","taskId":"a871348c-c740-4347-be9e-555490ab0755","timestamp":"2025-02-12T01:57:07.706Z"}
{"error":"No element found for selector: input[placeholder=\"Pesquisar\"]","level":"error","message":"Error processing follower","timestamp":"2025-02-12T01:57:07.711Z","username":"munhozz06.2"}
{"error":"Error processing follower: munhozz06.2","level":"error","message":"Process error","taskId":"a871348c-c740-4347-be9e-555490ab0755","timestamp":"2025-02-12T01:57:07.712Z"}
{"error":"No element found for selector: input[placeholder=\"Pesquisar\"]","level":"error","message":"Error processing follower","timestamp":"2025-02-12T01:57:07.720Z","username":"dix.mascotte"}
{"error":"Error processing follower: dix.mascotte","level":"error","message":"Process error","taskId":"a871348c-c740-4347-be9e-555490ab0755","timestamp":"2025-02-12T01:57:07.721Z"}
{"error":"No element found for selector: input[placeholder=\"Pesquisar\"]","level":"error","message":"Error processing follower","timestamp":"2025-02-12T01:57:07.726Z","username":"luizfilipi12"}
{"error":"Error processing follower: luizfilipi12","level":"error","message":"Process error","taskId":"a871348c-c740-4347-be9e-555490ab0755","timestamp":"2025-02-12T01:57:07.727Z"}
{"error":"No element found for selector: input[placeholder=\"Pesquisar\"]","level":"error","message":"Error processing follower","timestamp":"2025-02-12T01:57:07.732Z","username":"dasativado.015"}
{"error":"Error processing follower: dasativado.015","level":"error","message":"Process error","taskId":"a871348c-c740-4347-be9e-555490ab0755","timestamp":"2025-02-12T01:57:07.733Z"}
{"error":"No element found for selector: input[placeholder=\"Pesquisar\"]","level":"error","message":"Error processing follower","timestamp":"2025-02-12T01:57:07.743Z","username":"awolkers_"}
{"error":"Error processing follower: awolkers_","level":"error","message":"Process error","taskId":"a871348c-c740-4347-be9e-555490ab0755","timestamp":"2025-02-12T01:57:07.743Z"}
{"error":"No element found for selector: input[placeholder=\"Pesquisar\"]","level":"error","message":"Error processing follower","timestamp":"2025-02-12T01:57:07.749Z","username":"jooh_amoriim"}
{"error":"Error processing follower: jooh_amoriim","level":"error","message":"Process error","taskId":"a871348c-c740-4347-be9e-555490ab0755","timestamp":"2025-02-12T01:57:07.752Z"}
{"error":"POST /api/v1/accounts/login/ - 400 Bad Request; challenge_required","level":"error","message":"Error collecting profile analytics","timestamp":"2025-02-12T01:57:41.147Z","username":"piratadabet@gmail.com"}
{"error":"POST /api/v1/accounts/login/ - 400 Bad Request; challenge_required","level":"error","message":"Error in getProfileAnalytics controller","timestamp":"2025-02-12T01:57:41.148Z"}
{"error":"POST /api/v1/accounts/login/ - 400 Bad Request; challenge_required","level":"error","message":"Error collecting profile analytics","timestamp":"2025-02-12T01:58:16.991Z","username":"piratadabet@gmail.com"}
{"error":"POST /api/v1/accounts/login/ - 400 Bad Request; challenge_required","level":"error","message":"Error in getProfileAnalytics controller","timestamp":"2025-02-12T01:58:16.992Z"}
{"error":"POST /api/v1/accounts/login/ - 400 Bad Request; challenge_required","level":"error","message":"Error collecting profile analytics","timestamp":"2025-02-12T01:58:38.075Z","username":"piratadabet@gmail.com"}
{"error":"POST /api/v1/accounts/login/ - 400 Bad Request; challenge_required","level":"error","message":"Error in getProfileAnalytics controller","timestamp":"2025-02-12T01:58:38.075Z"}
{"error":"POST /api/v1/accounts/login/ - 400 Bad Request; challenge_required","level":"error","message":"Error collecting profile analytics","timestamp":"2025-02-12T02:01:15.004Z","username":"piratadabet@gmail.com"}
{"error":"POST /api/v1/accounts/login/ - 400 Bad Request; challenge_required","level":"error","message":"Error in getProfileAnalytics controller","timestamp":"2025-02-12T02:01:15.005Z"}
{"error":"POST /api/v1/accounts/login/ - 400 Bad Request; challenge_required","level":"error","message":"Error collecting profile analytics","timestamp":"2025-02-12T02:04:25.524Z","username":"piratadabet@gmail.com"}
{"error":"POST /api/v1/accounts/login/ - 400 Bad Request; challenge_required","level":"error","message":"Error in getProfileAnalytics controller","timestamp":"2025-02-12T02:04:25.525Z"}
{"error":"POST /api/v1/accounts/login/ - 400 Bad Request; We can send you an email to help you get back into your account.","level":"error","message":"Error collecting profile analytics","timestamp":"2025-02-12T02:04:31.564Z","username":"piratadabet@gmail.com"}
{"error":"POST /api/v1/accounts/login/ - 400 Bad Request; We can send you an email to help you get back into your account.","level":"error","message":"Error in getProfileAnalytics controller","timestamp":"2025-02-12T02:04:31.566Z"}
{"error":"POST /api/v1/accounts/login/ - 400 Bad Request; challenge_required","level":"error","message":"Error collecting profile analytics","timestamp":"2025-02-12T02:04:32.158Z","username":"piratadabet@gmail.com"}
{"error":"POST /api/v1/accounts/login/ - 400 Bad Request; challenge_required","level":"error","message":"Error in getProfileAnalytics controller","timestamp":"2025-02-12T02:04:32.159Z"}
{"error":"POST /api/v1/accounts/login/ - 400 Bad Request; We can send you an email to help you get back into your account.","level":"error","message":"Error collecting profile analytics","timestamp":"2025-02-12T02:05:20.599Z","username":"piratadabet@gmail.com"}
{"error":"POST /api/v1/accounts/login/ - 400 Bad Request; We can send you an email to help you get back into your account.","level":"error","message":"Error in getProfileAnalytics controller","timestamp":"2025-02-12T02:05:20.600Z"}
{"error":"POST /api/v1/accounts/login/ - 400 Bad Request; challenge_required","level":"error","message":"Error collecting profile analytics","timestamp":"2025-02-12T02:05:24.066Z","username":"piratadabet@gmail.com"}
{"error":"POST /api/v1/accounts/login/ - 400 Bad Request; challenge_required","level":"error","message":"Error in getProfileAnalytics controller","timestamp":"2025-02-12T02:05:24.066Z"}
{"error":"POST /api/v1/accounts/login/ - 400 Bad Request; We can send you an email to help you get back into your account.","level":"error","message":"Error collecting profile analytics","timestamp":"2025-02-12T02:06:10.624Z","username":"squadomal@gmail.com"}
{"error":"POST /api/v1/accounts/login/ - 400 Bad Request; We can send you an email to help you get back into your account.","level":"error","message":"Error in getProfileAnalytics controller","timestamp":"2025-02-12T02:06:10.624Z"}
{"error":"POST /api/v1/accounts/login/ - 400 Bad Request; We can send you an email to help you get back into your account.","level":"error","message":"Error collecting profile analytics","timestamp":"2025-02-12T02:06:17.320Z","username":"squadomal@gmail.com"}
{"error":"POST /api/v1/accounts/login/ - 400 Bad Request; We can send you an email to help you get back into your account.","level":"error","message":"Error in getProfileAnalytics controller","timestamp":"2025-02-12T02:06:17.321Z"}
{"error":"POST /api/v1/accounts/login/ - 400 Bad Request; challenge_required","level":"error","message":"Error collecting profile analytics","timestamp":"2025-02-12T02:06:28.193Z","username":"piratadabet@gmail.com"}
{"error":"POST /api/v1/accounts/login/ - 400 Bad Request; challenge_required","level":"error","message":"Error in getProfileAnalytics controller","timestamp":"2025-02-12T02:06:28.194Z"}
{"error":"POST /api/v1/accounts/login/ - 400 Bad Request; challenge_required","level":"error","message":"Error collecting profile analytics","timestamp":"2025-02-12T02:10:12.848Z","username":"piratadabet@gmail.com"}
{"error":"POST /api/v1/accounts/login/ - 400 Bad Request; challenge_required","level":"error","message":"Error in getProfileAnalytics controller","timestamp":"2025-02-12T02:10:12.849Z"}
{"error":"POST /api/v1/accounts/login/ - 400 Bad Request; We can send you an email to help you get back into your account.","level":"error","message":"Error collecting profile analytics","timestamp":"2025-02-12T02:12:00.228Z","username":"piratadabet@gmail.com"}
{"error":"POST /api/v1/accounts/login/ - 400 Bad Request; We can send you an email to help you get back into your account.","level":"error","message":"Error in getProfileAnalytics controller","timestamp":"2025-02-12T02:12:00.229Z"}
{"error":"POST /api/v1/accounts/login/ - 400 Bad Request; challenge_required","level":"error","message":"Error collecting profile analytics","timestamp":"2025-02-12T02:12:03.103Z","username":"piratadabet@gmail.com"}
{"error":"POST /api/v1/accounts/login/ - 400 Bad Request; challenge_required","level":"error","message":"Error in getProfileAnalytics controller","timestamp":"2025-02-12T02:12:03.104Z"}
{"error":"POST /api/v1/accounts/login/ - 400 Bad Request; We can send you an email to help you get back into your account.","level":"error","message":"Error collecting profile analytics","timestamp":"2025-02-12T02:12:30.150Z","username":"piratadabet@gmail.com"}
{"error":"POST /api/v1/accounts/login/ - 400 Bad Request; We can send you an email to help you get back into your account.","level":"error","message":"Error in getProfileAnalytics controller","timestamp":"2025-02-12T02:12:30.151Z"}
{"error":"POST /api/v1/accounts/login/ - 400 Bad Request; challenge_required","level":"error","message":"Error collecting profile analytics","timestamp":"2025-02-12T02:12:30.644Z","username":"piratadabet@gmail.com"}
{"error":"POST /api/v1/accounts/login/ - 400 Bad Request; challenge_required","level":"error","message":"Error in getProfileAnalytics controller","timestamp":"2025-02-12T02:12:30.645Z"}
{"error":"POST /api/v1/accounts/login/ - 400 Bad Request; We can send you an email to help you get back into your account.","level":"error","message":"Error collecting profile analytics","timestamp":"2025-02-12T02:12:50.151Z","username":"piratadabet@gmail.com"}
{"error":"POST /api/v1/accounts/login/ - 400 Bad Request; We can send you an email to help you get back into your account.","level":"error","message":"Error in getProfileAnalytics controller","timestamp":"2025-02-12T02:12:50.152Z"}
{"error":"POST /api/v1/accounts/login/ - 400 Bad Request; challenge_required","level":"error","message":"Error collecting profile analytics","timestamp":"2025-02-12T02:12:50.726Z","username":"piratadabet@gmail.com"}
{"error":"POST /api/v1/accounts/login/ - 400 Bad Request; challenge_required","level":"error","message":"Error in getProfileAnalytics controller","timestamp":"2025-02-12T02:12:50.727Z"}
{"error":"POST /api/v1/accounts/login/ - 400 Bad Request; We can send you an email to help you get back into your account.","level":"error","message":"Error collecting profile analytics","timestamp":"2025-02-12T02:14:45.690Z","username":"piratadabet@gmail.com"}
{"error":"POST /api/v1/accounts/login/ - 400 Bad Request; We can send you an email to help you get back into your account.","level":"error","message":"Error in getProfileAnalytics controller","timestamp":"2025-02-12T02:14:45.691Z"}
{"error":"POST /api/v1/accounts/login/ - 400 Bad Request; challenge_required","level":"error","message":"Error collecting profile analytics","timestamp":"2025-02-12T02:14:46.313Z","username":"piratadabet@gmail.com"}
{"error":"POST /api/v1/accounts/login/ - 400 Bad Request; challenge_required","level":"error","message":"Error in getProfileAnalytics controller","timestamp":"2025-02-12T02:14:46.314Z"}
{"error":"POST /api/v1/accounts/login/ - 400 Bad Request; We can send you an email to help you get back into your account.","level":"error","message":"Error collecting profile analytics","timestamp":"2025-02-12T02:15:58.912Z","username":"piratadabet@gmail.com"}
{"error":"POST /api/v1/accounts/login/ - 400 Bad Request; We can send you an email to help you get back into your account.","level":"error","message":"Error in getProfileAnalytics controller","timestamp":"2025-02-12T02:15:58.912Z"}
{"error":"POST /api/v1/accounts/login/ - 400 Bad Request; challenge_required","level":"error","message":"Error collecting profile analytics","timestamp":"2025-02-12T02:16:02.088Z","username":"piratadabet@gmail.com"}
{"error":"POST /api/v1/accounts/login/ - 400 Bad Request; challenge_required","level":"error","message":"Error in getProfileAnalytics controller","timestamp":"2025-02-12T02:16:02.095Z"}
{"error":"POST /api/v1/accounts/login/ - 400 Bad Request; We can send you an email to help you get back into your account.","level":"error","message":"Error collecting profile analytics","timestamp":"2025-02-12T02:16:10.405Z","username":"piratadabet@gmail.com"}
{"error":"POST /api/v1/accounts/login/ - 400 Bad Request; We can send you an email to help you get back into your account.","level":"error","message":"Error in getProfileAnalytics controller","timestamp":"2025-02-12T02:16:10.406Z"}
{"error":"POST /api/v1/accounts/login/ - 400 Bad Request; challenge_required","level":"error","message":"Error collecting profile analytics","timestamp":"2025-02-12T02:16:10.803Z","username":"piratadabet@gmail.com"}
{"error":"POST /api/v1/accounts/login/ - 400 Bad Request; challenge_required","level":"error","message":"Error in getProfileAnalytics controller","timestamp":"2025-02-12T02:16:10.804Z"}
{"error":"POST /api/v1/accounts/login/ - 400 Bad Request; We can send you an email to help you get back into your account.","level":"error","message":"Error collecting profile analytics","timestamp":"2025-02-12T02:19:20.808Z","username":"dixx.enzzinhoo"}
{"error":"POST /api/v1/accounts/login/ - 400 Bad Request; We can send you an email to help you get back into your account.","level":"error","message":"Error in getProfileAnalytics controller","timestamp":"2025-02-12T02:19:20.809Z"}
{"error":"POST /api/v1/accounts/login/ - 400 Bad Request; challenge_required","level":"error","message":"Error collecting profile analytics","timestamp":"2025-02-12T02:19:23.983Z","username":"dixx.enzzinhoo"}
{"error":"POST /api/v1/accounts/login/ - 400 Bad Request; challenge_required","level":"error","message":"Error in getProfileAnalytics controller","timestamp":"2025-02-12T02:19:23.984Z"}
{"error":"POST /api/v1/accounts/login/ - 400 Bad Request; challenge_required","level":"error","message":"Error collecting profile analytics","timestamp":"2025-02-12T02:20:01.442Z","username":"dixx.enzzinhoo"}
{"error":"POST /api/v1/accounts/login/ - 400 Bad Request; challenge_required","level":"error","message":"Error in getProfileAnalytics controller","timestamp":"2025-02-12T02:20:01.443Z"}
{"error":"POST /api/v1/accounts/login/ - 400 Bad Request; We can send you an email to help you get back into your account.","level":"error","message":"Error collecting profile analytics","timestamp":"2025-02-12T02:20:41.739Z","username":"dixx.enzzinhoo"}
{"error":"POST /api/v1/accounts/login/ - 400 Bad Request; We can send you an email to help you get back into your account.","level":"error","message":"Error in getProfileAnalytics controller","timestamp":"2025-02-12T02:20:41.740Z"}
{"error":"POST /api/v1/accounts/login/ - 400 Bad Request; challenge_required","level":"error","message":"Error collecting profile analytics","timestamp":"2025-02-12T02:20:45.952Z","username":"dixx.enzzinhoo"}
{"error":"POST /api/v1/accounts/login/ - 400 Bad Request; challenge_required","level":"error","message":"Error in getProfileAnalytics controller","timestamp":"2025-02-12T02:20:45.952Z"}
{"error":"POST /api/v1/accounts/login/ - 400 Bad Request; We can send you an email to help you get back into your account.","level":"error","message":"Error collecting profile analytics","timestamp":"2025-02-12T02:22:18.936Z","username":"dixx.enzzinhoo"}
{"error":"POST /api/v1/accounts/login/ - 400 Bad Request; We can send you an email to help you get back into your account.","level":"error","message":"Error in getProfileAnalytics controller","timestamp":"2025-02-12T02:22:18.936Z"}
{"error":"POST /api/v1/accounts/login/ - 400 Bad Request; challenge_required","level":"error","message":"Error collecting profile analytics","timestamp":"2025-02-12T02:22:19.822Z","username":"dixx.enzzinhoo"}
{"error":"POST /api/v1/accounts/login/ - 400 Bad Request; challenge_required","level":"error","message":"Error in getProfileAnalytics controller","timestamp":"2025-02-12T02:22:19.823Z"}
{"error":"POST /api/v1/accounts/login/ - 400 Bad Request; We can send you an email to help you get back into your account.","level":"error","message":"Error collecting profile analytics","timestamp":"2025-02-12T02:23:24.206Z","username":"dixx.enzzinhoo"}
{"error":"POST /api/v1/accounts/login/ - 400 Bad Request; We can send you an email to help you get back into your account.","level":"error","message":"Error in getProfileAnalytics controller","timestamp":"2025-02-12T02:23:24.207Z"}
{"error":"POST /api/v1/accounts/login/ - 400 Bad Request; challenge_required","level":"error","message":"Error collecting profile analytics","timestamp":"2025-02-12T02:23:24.808Z","username":"dixx.enzzinhoo"}
{"error":"POST /api/v1/accounts/login/ - 400 Bad Request; challenge_required","level":"error","message":"Error in getProfileAnalytics controller","timestamp":"2025-02-12T02:23:24.811Z"}
{"error":"POST /api/v1/accounts/login/ - 400 Bad Request; We can send you an email to help you get back into your account.","level":"error","message":"Error collecting profile analytics","timestamp":"2025-02-12T02:24:13.589Z","username":"dixx.enzzinhoo"}
{"error":"POST /api/v1/accounts/login/ - 400 Bad Request; We can send you an email to help you get back into your account.","level":"error","message":"Error in getProfileAnalytics controller","timestamp":"2025-02-12T02:24:13.590Z"}
{"error":"POST /api/v1/accounts/login/ - 400 Bad Request; challenge_required","level":"error","message":"Error collecting profile analytics","timestamp":"2025-02-12T02:24:14.613Z","username":"dixx.enzzinhoo"}
{"error":"POST /api/v1/accounts/login/ - 400 Bad Request; challenge_required","level":"error","message":"Error in getProfileAnalytics controller","timestamp":"2025-02-12T02:24:14.614Z"}
{"error":"POST /api/v1/accounts/login/ - 400 Bad Request; We can send you an email to help you get back into your account.","level":"error","message":"Error collecting profile analytics","timestamp":"2025-02-12T02:25:01.560Z","username":"dixx.enzzinhoo"}
{"error":"POST /api/v1/accounts/login/ - 400 Bad Request; We can send you an email to help you get back into your account.","level":"error","message":"Error in getProfileAnalytics controller","timestamp":"2025-02-12T02:25:01.561Z"}
{"error":"POST /api/v1/accounts/login/ - 400 Bad Request; challenge_required","level":"error","message":"Error collecting profile analytics","timestamp":"2025-02-12T02:25:02.240Z","username":"dixx.enzzinhoo"}
{"error":"POST /api/v1/accounts/login/ - 400 Bad Request; challenge_required","level":"error","message":"Error in getProfileAnalytics controller","timestamp":"2025-02-12T02:25:02.240Z"}
{"error":"POST /api/v1/accounts/login/ - 400 Bad Request; We can send you an email to help you get back into your account.","level":"error","message":"Error collecting profile analytics","timestamp":"2025-02-12T02:25:23.535Z","username":"dixx.enzzinhoo"}
{"error":"POST /api/v1/accounts/login/ - 400 Bad Request; We can send you an email to help you get back into your account.","level":"error","message":"Error in getProfileAnalytics controller","timestamp":"2025-02-12T02:25:23.536Z"}
{"error":"POST /api/v1/accounts/login/ - 400 Bad Request; challenge_required","level":"error","message":"Error collecting profile analytics","timestamp":"2025-02-12T02:25:24.511Z","username":"dixx.enzzinhoo"}
{"error":"POST /api/v1/accounts/login/ - 400 Bad Request; challenge_required","level":"error","message":"Error in getProfileAnalytics controller","timestamp":"2025-02-12T02:25:24.511Z"}
{"error":"\"[object Object]\" is not valid JSON","level":"error","message":"Unhandled error","method":"POST","path":"/api/instagram/analytics","stack":"SyntaxError: \"[object Object]\" is not valid JSON\n    at JSON.parse (<anonymous>)\n    at parse (C:\\Users\\enzzo\\Downloads\\tester\\node_modules\\body-parser\\lib\\types\\json.js:92:19)\n    at C:\\Users\\enzzo\\Downloads\\tester\\node_modules\\body-parser\\lib\\read.js:128:18\n    at AsyncResource.runInAsyncScope (node:async_hooks:206:9)\n    at invokeCallback (C:\\Users\\enzzo\\Downloads\\tester\\node_modules\\raw-body\\index.js:238:16)\n    at done (C:\\Users\\enzzo\\Downloads\\tester\\node_modules\\raw-body\\index.js:227:7)\n    at IncomingMessage.onEnd (C:\\Users\\enzzo\\Downloads\\tester\\node_modules\\raw-body\\index.js:287:7)\n    at IncomingMessage.emit (node:events:519:28)\n    at endReadableNT (node:internal/streams/readable:1696:12)\n    at processTicksAndRejections (node:internal/process/task_queues:82:21)","timestamp":"2025-02-12T02:26:35.318Z"}
{"error":"\"[object Object]\" is not valid JSON","level":"error","message":"Unhandled error","method":"POST","path":"/api/instagram/analytics","stack":"SyntaxError: \"[object Object]\" is not valid JSON\n    at JSON.parse (<anonymous>)\n    at parse (C:\\Users\\enzzo\\Downloads\\tester\\node_modules\\body-parser\\lib\\types\\json.js:92:19)\n    at C:\\Users\\enzzo\\Downloads\\tester\\node_modules\\body-parser\\lib\\read.js:128:18\n    at AsyncResource.runInAsyncScope (node:async_hooks:206:9)\n    at invokeCallback (C:\\Users\\enzzo\\Downloads\\tester\\node_modules\\raw-body\\index.js:238:16)\n    at done (C:\\Users\\enzzo\\Downloads\\tester\\node_modules\\raw-body\\index.js:227:7)\n    at IncomingMessage.onEnd (C:\\Users\\enzzo\\Downloads\\tester\\node_modules\\raw-body\\index.js:287:7)\n    at IncomingMessage.emit (node:events:519:28)\n    at endReadableNT (node:internal/streams/readable:1696:12)\n    at processTicksAndRejections (node:internal/process/task_queues:82:21)","timestamp":"2025-02-12T02:26:45.019Z"}
{"error":"\"[object Object]\" is not valid JSON","level":"error","message":"Unhandled error","method":"POST","path":"/api/instagram/analytics","stack":"SyntaxError: \"[object Object]\" is not valid JSON\n    at JSON.parse (<anonymous>)\n    at parse (C:\\Users\\enzzo\\Downloads\\tester\\node_modules\\body-parser\\lib\\types\\json.js:92:19)\n    at C:\\Users\\enzzo\\Downloads\\tester\\node_modules\\body-parser\\lib\\read.js:128:18\n    at AsyncResource.runInAsyncScope (node:async_hooks:206:9)\n    at invokeCallback (C:\\Users\\enzzo\\Downloads\\tester\\node_modules\\raw-body\\index.js:238:16)\n    at done (C:\\Users\\enzzo\\Downloads\\tester\\node_modules\\raw-body\\index.js:227:7)\n    at IncomingMessage.onEnd (C:\\Users\\enzzo\\Downloads\\tester\\node_modules\\raw-body\\index.js:287:7)\n    at IncomingMessage.emit (node:events:519:28)\n    at endReadableNT (node:internal/streams/readable:1696:12)\n    at processTicksAndRejections (node:internal/process/task_queues:82:21)","timestamp":"2025-02-12T02:26:45.022Z"}
{"error":"POST /api/v1/accounts/login/ - 400 Bad Request; challenge_required","level":"error","message":"Error collecting profile analytics","timestamp":"2025-02-12T02:26:57.434Z","username":"dixx.enzzinhoo"}
{"error":"POST /api/v1/accounts/login/ - 400 Bad Request; challenge_required","level":"error","message":"Error in getProfileAnalytics controller","timestamp":"2025-02-12T02:26:57.435Z"}
{"error":"POST /api/v1/accounts/login/ - 400 Bad Request; We can send you an email to help you get back into your account.","level":"error","message":"Error collecting profile analytics","timestamp":"2025-02-12T02:27:04.610Z","username":"dixx.enzzinhoo"}
{"error":"POST /api/v1/accounts/login/ - 400 Bad Request; We can send you an email to help you get back into your account.","level":"error","message":"Error in getProfileAnalytics controller","timestamp":"2025-02-12T02:27:04.657Z"}
{"error":"POST /api/v1/accounts/login/ - 400 Bad Request; challenge_required","level":"error","message":"Error collecting profile analytics","timestamp":"2025-02-12T02:27:05.454Z","username":"dixx.enzzinhoo"}
{"error":"POST /api/v1/accounts/login/ - 400 Bad Request; challenge_required","level":"error","message":"Error in getProfileAnalytics controller","timestamp":"2025-02-12T02:27:05.455Z"}
{"error":"POST /api/v1/accounts/login/ - 400 Bad Request; challenge_required","level":"error","message":"Error collecting profile analytics","timestamp":"2025-02-12T02:27:18.915Z","username":"dixx.enzzinhoo"}
{"error":"POST /api/v1/accounts/login/ - 400 Bad Request; challenge_required","level":"error","message":"Error in getProfileAnalytics controller","timestamp":"2025-02-12T02:27:18.916Z"}
{"error":"No element found for selector: input[placeholder=\"Pesquisar\"]","level":"error","message":"Error processing follower","timestamp":"2025-02-12T02:27:39.290Z","username":"vitoriapassosss"}
{"error":"Error processing follower: vitoriapassosss","level":"error","message":"Process error","taskId":"085eda4d-e087-4ebf-9dda-389c53e90369","timestamp":"2025-02-12T02:27:39.291Z"}
{"error":"No element found for selector: input[placeholder=\"Pesquisar\"]","level":"error","message":"Error processing follower","timestamp":"2025-02-12T02:27:39.296Z","username":"gilbertochaves96"}
{"error":"Error processing follower: gilbertochaves96","level":"error","message":"Process error","taskId":"085eda4d-e087-4ebf-9dda-389c53e90369","timestamp":"2025-02-12T02:27:39.297Z"}
{"error":"No element found for selector: input[placeholder=\"Pesquisar\"]","level":"error","message":"Error processing follower","timestamp":"2025-02-12T02:27:39.306Z","username":"dixx.glorinha_"}
{"error":"Error processing follower: dixx.glorinha_","level":"error","message":"Process error","taskId":"085eda4d-e087-4ebf-9dda-389c53e90369","timestamp":"2025-02-12T02:27:39.307Z"}
{"error":"No element found for selector: input[placeholder=\"Pesquisar\"]","level":"error","message":"Error processing follower","timestamp":"2025-02-12T02:27:39.312Z","username":"salve.bel_parameninas13"}
{"error":"Error processing follower: salve.bel_parameninas13","level":"error","message":"Process error","taskId":"085eda4d-e087-4ebf-9dda-389c53e90369","timestamp":"2025-02-12T02:27:39.313Z"}
{"error":"No element found for selector: input[placeholder=\"Pesquisar\"]","level":"error","message":"Error processing follower","timestamp":"2025-02-12T02:27:39.322Z","username":"dixx.lindinha76"}
{"error":"Error processing follower: dixx.lindinha76","level":"error","message":"Process error","taskId":"085eda4d-e087-4ebf-9dda-389c53e90369","timestamp":"2025-02-12T02:27:39.323Z"}
{"error":"No element found for selector: input[placeholder=\"Pesquisar\"]","level":"error","message":"Error processing follower","timestamp":"2025-02-12T02:27:39.328Z","username":"tatimoreirapsi"}
{"error":"Error processing follower: tatimoreirapsi","level":"error","message":"Process error","taskId":"085eda4d-e087-4ebf-9dda-389c53e90369","timestamp":"2025-02-12T02:27:39.329Z"}
{"error":"No element found for selector: input[placeholder=\"Pesquisar\"]","level":"error","message":"Error processing follower","timestamp":"2025-02-12T02:27:39.337Z","username":"8.cd0"}
{"error":"Error processing follower: 8.cd0","level":"error","message":"Process error","taskId":"085eda4d-e087-4ebf-9dda-389c53e90369","timestamp":"2025-02-12T02:27:39.338Z"}
{"error":"No element found for selector: input[placeholder=\"Pesquisar\"]","level":"error","message":"Error processing follower","timestamp":"2025-02-12T02:27:39.342Z","username":"livia.snts"}
{"error":"Error processing follower: livia.snts","level":"error","message":"Process error","taskId":"085eda4d-e087-4ebf-9dda-389c53e90369","timestamp":"2025-02-12T02:27:39.343Z"}
{"error":"No element found for selector: input[placeholder=\"Pesquisar\"]","level":"error","message":"Error processing follower","timestamp":"2025-02-12T02:27:39.347Z","username":"_cesarsilvagoes"}
{"error":"Error processing follower: _cesarsilvagoes","level":"error","message":"Process error","taskId":"085eda4d-e087-4ebf-9dda-389c53e90369","timestamp":"2025-02-12T02:27:39.348Z"}
{"error":"No element found for selector: input[placeholder=\"Pesquisar\"]","level":"error","message":"Error processing follower","timestamp":"2025-02-12T02:27:39.356Z","username":"euu_sabrinaaa"}
{"error":"Error processing follower: euu_sabrinaaa","level":"error","message":"Process error","taskId":"085eda4d-e087-4ebf-9dda-389c53e90369","timestamp":"2025-02-12T02:27:39.357Z"}
{"error":"No element found for selector: input[placeholder=\"Pesquisar\"]","level":"error","message":"Error processing follower","timestamp":"2025-02-12T02:27:39.361Z","username":"nayelicastro058"}
{"error":"Error processing follower: nayelicastro058","level":"error","message":"Process error","taskId":"085eda4d-e087-4ebf-9dda-389c53e90369","timestamp":"2025-02-12T02:27:39.362Z"}
{"error":"No element found for selector: input[placeholder=\"Pesquisar\"]","level":"error","message":"Error processing follower","timestamp":"2025-02-12T02:27:39.368Z","username":"2541.rebecca"}
{"error":"Error processing follower: 2541.rebecca","level":"error","message":"Process error","taskId":"085eda4d-e087-4ebf-9dda-389c53e90369","timestamp":"2025-02-12T02:27:39.369Z"}
{"error":"No element found for selector: input[placeholder=\"Pesquisar\"]","level":"error","message":"Error processing follower","timestamp":"2025-02-12T02:27:39.375Z","username":"man102868"}
{"error":"Error processing follower: man102868","level":"error","message":"Process error","taskId":"085eda4d-e087-4ebf-9dda-389c53e90369","timestamp":"2025-02-12T02:27:39.375Z"}
{"error":"No element found for selector: input[placeholder=\"Pesquisar\"]","level":"error","message":"Error processing follower","timestamp":"2025-02-12T02:27:39.379Z","username":"memessssssdusightj7k"}
{"error":"Error processing follower: memessssssdusightj7k","level":"error","message":"Process error","taskId":"085eda4d-e087-4ebf-9dda-389c53e90369","timestamp":"2025-02-12T02:27:39.380Z"}
{"error":"No element found for selector: input[placeholder=\"Pesquisar\"]","level":"error","message":"Error processing follower","timestamp":"2025-02-12T02:27:39.387Z","username":"tatianajofredoss"}
{"error":"Error processing follower: tatianajofredoss","level":"error","message":"Process error","taskId":"085eda4d-e087-4ebf-9dda-389c53e90369","timestamp":"2025-02-12T02:27:39.388Z"}
{"error":"No element found for selector: input[placeholder=\"Pesquisar\"]","level":"error","message":"Error processing follower","timestamp":"2025-02-12T02:27:39.392Z","username":"diix.da.silvaa"}
{"error":"Error processing follower: diix.da.silvaa","level":"error","message":"Process error","taskId":"085eda4d-e087-4ebf-9dda-389c53e90369","timestamp":"2025-02-12T02:27:39.393Z"}
{"error":"No element found for selector: input[placeholder=\"Pesquisar\"]","level":"error","message":"Error processing follower","timestamp":"2025-02-12T02:27:39.397Z","username":"munhozz06.2"}
{"error":"Error processing follower: munhozz06.2","level":"error","message":"Process error","taskId":"085eda4d-e087-4ebf-9dda-389c53e90369","timestamp":"2025-02-12T02:27:39.398Z"}
{"error":"No element found for selector: input[placeholder=\"Pesquisar\"]","level":"error","message":"Error processing follower","timestamp":"2025-02-12T02:27:39.405Z","username":"dix.mascotte"}
{"error":"Error processing follower: dix.mascotte","level":"error","message":"Process error","taskId":"085eda4d-e087-4ebf-9dda-389c53e90369","timestamp":"2025-02-12T02:27:39.406Z"}
{"error":"No element found for selector: input[placeholder=\"Pesquisar\"]","level":"error","message":"Error processing follower","timestamp":"2025-02-12T02:27:39.410Z","username":"luizfilipi12"}
{"error":"Error processing follower: luizfilipi12","level":"error","message":"Process error","taskId":"085eda4d-e087-4ebf-9dda-389c53e90369","timestamp":"2025-02-12T02:27:39.411Z"}
{"error":"No element found for selector: input[placeholder=\"Pesquisar\"]","level":"error","message":"Error processing follower","timestamp":"2025-02-12T02:27:39.421Z","username":"dasativado.015"}
{"error":"Error processing follower: dasativado.015","level":"error","message":"Process error","taskId":"085eda4d-e087-4ebf-9dda-389c53e90369","timestamp":"2025-02-12T02:27:39.422Z"}
{"error":"No element found for selector: input[placeholder=\"Pesquisar\"]","level":"error","message":"Error processing follower","timestamp":"2025-02-12T02:27:39.427Z","username":"awolkers_"}
{"error":"Error processing follower: awolkers_","level":"error","message":"Process error","taskId":"085eda4d-e087-4ebf-9dda-389c53e90369","timestamp":"2025-02-12T02:27:39.428Z"}
{"error":"No element found for selector: input[placeholder=\"Pesquisar\"]","level":"error","message":"Error processing follower","timestamp":"2025-02-12T02:27:39.438Z","username":"jooh_amoriim"}
{"error":"Error processing follower: jooh_amoriim","level":"error","message":"Process error","taskId":"085eda4d-e087-4ebf-9dda-389c53e90369","timestamp":"2025-02-12T02:27:39.439Z"}
{"error":"POST /api/v1/accounts/login/ - 400 Bad Request; We can send you an email to help you get back into your account.","level":"error","message":"Error collecting profile analytics","timestamp":"2025-02-12T02:29:17.743Z","username":"dixx.enzzinhoo"}
{"error":"POST /api/v1/accounts/login/ - 400 Bad Request; We can send you an email to help you get back into your account.","level":"error","message":"Error in getProfileAnalytics controller","timestamp":"2025-02-12T02:29:17.744Z"}
{"error":"POST /api/v1/accounts/login/ - 400 Bad Request; challenge_required","level":"error","message":"Error collecting profile analytics","timestamp":"2025-02-12T02:29:18.408Z","username":"dixx.enzzinhoo"}
{"error":"POST /api/v1/accounts/login/ - 400 Bad Request; challenge_required","level":"error","message":"Error in getProfileAnalytics controller","timestamp":"2025-02-12T02:29:18.408Z"}
{"error":"POST /api/v1/accounts/login/ - 400 Bad Request; We can send you an email to help you get back into your account.","level":"error","message":"Error collecting profile analytics","timestamp":"2025-02-12T02:34:06.574Z","username":"dixx.enzzinhoo"}
{"error":"POST /api/v1/accounts/login/ - 400 Bad Request; We can send you an email to help you get back into your account.","level":"error","message":"Error in getProfileAnalytics controller","timestamp":"2025-02-12T02:34:06.575Z"}
{"error":"POST /api/v1/accounts/login/ - 400 Bad Request; challenge_required","level":"error","message":"Error collecting profile analytics","timestamp":"2025-02-12T02:34:07.325Z","username":"dixx.enzzinhoo"}
{"error":"POST /api/v1/accounts/login/ - 400 Bad Request; challenge_required","level":"error","message":"Error in getProfileAnalytics controller","timestamp":"2025-02-12T02:34:07.370Z"}
{"error":"POST /api/v1/accounts/login/ - 400 Bad Request; We can send you an email to help you get back into your account.","level":"error","message":"Error collecting profile analytics","timestamp":"2025-02-12T02:35:16.732Z","username":"dixx.enzzinhoo"}
{"error":"POST /api/v1/accounts/login/ - 400 Bad Request; We can send you an email to help you get back into your account.","level":"error","message":"Error in getProfileAnalytics controller","timestamp":"2025-02-12T02:35:16.733Z"}
{"error":"POST /api/v1/accounts/login/ - 400 Bad Request; challenge_required","level":"error","message":"Error collecting profile analytics","timestamp":"2025-02-12T02:35:20.431Z","username":"dixx.enzzinhoo"}
{"error":"POST /api/v1/accounts/login/ - 400 Bad Request; challenge_required","level":"error","message":"Error in getProfileAnalytics controller","timestamp":"2025-02-12T02:35:20.432Z"}
{"error":"POST /api/v1/accounts/login/ - 400 Bad Request; Invalid Parameters","level":"error","message":"Error collecting profile analytics","timestamp":"2025-02-12T02:35:39.565Z","username":""}
{"error":"POST /api/v1/accounts/login/ - 400 Bad Request; Invalid Parameters","level":"error","message":"Error in getProfileAnalytics controller","timestamp":"2025-02-12T02:35:39.566Z"}
{"error":"POST /api/v1/accounts/login/ - 400 Bad Request; Invalid Parameters","level":"error","message":"Error collecting profile analytics","timestamp":"2025-02-12T02:35:41.534Z","username":""}
{"error":"POST /api/v1/accounts/login/ - 400 Bad Request; Invalid Parameters","level":"error","message":"Error in getProfileAnalytics controller","timestamp":"2025-02-12T02:35:41.535Z"}
{"error":"POST /api/v1/accounts/login/ - 400 Bad Request; Invalid Parameters","level":"error","message":"Error collecting profile analytics","timestamp":"2025-02-12T02:36:31.134Z","username":""}
{"error":"POST /api/v1/accounts/login/ - 400 Bad Request; Invalid Parameters","level":"error","message":"Error in getProfileAnalytics controller","timestamp":"2025-02-12T02:36:31.135Z"}
{"error":"POST /api/v1/accounts/login/ - 400 Bad Request; Invalid Parameters","level":"error","message":"Error collecting profile analytics","timestamp":"2025-02-12T02:36:31.174Z","username":""}
{"error":"POST /api/v1/accounts/login/ - 400 Bad Request; Invalid Parameters","level":"error","message":"Error in getProfileAnalytics controller","timestamp":"2025-02-12T02:36:31.175Z"}
{"error":"POST /api/v1/accounts/login/ - 400 Bad Request; Invalid Parameters","level":"error","message":"Error collecting profile analytics","timestamp":"2025-02-12T02:39:18.855Z","username":""}
{"error":"POST /api/v1/accounts/login/ - 400 Bad Request; Invalid Parameters","level":"error","message":"Error in getProfileAnalytics controller","timestamp":"2025-02-12T02:39:18.856Z"}
{"error":"POST /api/v1/accounts/login/ - 400 Bad Request; Invalid Parameters","level":"error","message":"Error collecting profile analytics","timestamp":"2025-02-12T02:39:18.875Z","username":""}
{"error":"POST /api/v1/accounts/login/ - 400 Bad Request; Invalid Parameters","level":"error","message":"Error in getProfileAnalytics controller","timestamp":"2025-02-12T02:39:18.876Z"}
{"error":"POST /api/v1/accounts/login/ - 400 Bad Request; Invalid Parameters","level":"error","message":"Error collecting profile analytics","timestamp":"2025-02-12T02:39:46.717Z","username":""}
{"error":"POST /api/v1/accounts/login/ - 400 Bad Request; Invalid Parameters","level":"error","message":"Error in getProfileAnalytics controller","timestamp":"2025-02-12T02:39:46.718Z"}
{"error":"POST /api/v1/accounts/login/ - 400 Bad Request; challenge_required","level":"error","message":"Error collecting profile analytics","timestamp":"2025-02-12T06:04:57.037Z","username":"dixx.enzzinhoo"}
{"error":"POST /api/v1/accounts/login/ - 400 Bad Request; challenge_required","level":"error","message":"Error in getProfileAnalytics controller","timestamp":"2025-02-12T06:04:57.040Z"}
{"error":"POST /api/v1/accounts/login/ - 400 Bad Request; challenge_required","level":"error","message":"Error collecting profile analytics","timestamp":"2025-02-12T06:05:44.615Z","username":"dixx.enzzinhoo"}
{"error":"POST /api/v1/accounts/login/ - 400 Bad Request; challenge_required","level":"error","message":"Error in getProfileAnalytics controller","timestamp":"2025-02-12T06:05:44.616Z"}
{"error":"POST /api/v1/accounts/login/ - 400 Bad Request; challenge_required","level":"error","message":"Error collecting profile analytics","timestamp":"2025-02-12T06:06:19.940Z","username":"dixx.enzzinhoo"}
{"error":"POST /api/v1/accounts/login/ - 400 Bad Request; challenge_required","level":"error","message":"Error in getProfileAnalytics controller","timestamp":"2025-02-12T06:06:19.942Z"}
{"error":"POST /api/v1/accounts/login/ - 400 Bad Request; challenge_required","level":"error","message":"Error in Instagram authentication","timestamp":"2025-02-12T06:13:57.696Z","username":"dixx.enzzinhoo"}
{"error":"POST /api/v1/accounts/login/ - 400 Bad Request; challenge_required","level":"error","message":"Error in getProfileAnalytics controller","timestamp":"2025-02-12T06:13:57.697Z"}
{"error":"POST /api/v1/accounts/login/ - 400 Bad Request; challenge_required","level":"error","message":"Error in Instagram authentication","timestamp":"2025-02-12T06:14:55.757Z","username":"dixx.enzzinhoo"}
{"error":"POST /api/v1/accounts/login/ - 400 Bad Request; challenge_required","level":"error","message":"Error in getProfileAnalytics controller","timestamp":"2025-02-12T06:14:55.758Z"}
{"error":"POST /api/v1/accounts/login/ - 400 Bad Request; challenge_required","level":"error","message":"Error collecting profile analytics","timestamp":"2025-02-12T18:50:11.003Z","username":"dixx.enzzinhoo"}
{"error":"POST /api/v1/accounts/login/ - 400 Bad Request; challenge_required","level":"error","message":"Error in getProfileAnalytics controller","timestamp":"2025-02-12T18:50:11.005Z"}
{"error":"POST /api/v1/accounts/login/ - 400 Bad Request; challenge_required","level":"error","message":"Error collecting profile analytics","timestamp":"2025-02-12T18:50:27.617Z","username":"dixx.enzzinhoo"}
{"error":"POST /api/v1/accounts/login/ - 400 Bad Request; challenge_required","level":"error","message":"Error in getProfileAnalytics controller","timestamp":"2025-02-12T18:50:27.619Z"}
{"error":"POST /api/v1/accounts/login/ - 400 Bad Request; challenge_required","level":"error","message":"Error collecting profile analytics","timestamp":"2025-02-12T18:51:55.370Z","username":"math_diogo"}
{"error":"POST /api/v1/accounts/login/ - 400 Bad Request; challenge_required","level":"error","message":"Error in getProfileAnalytics controller","timestamp":"2025-02-12T18:51:55.372Z"}
